// Jest Snapshot v1, https://goo.gl/fbAQLP

exports[`<Layout />  renders correctly Layout component 1`] = `
<Fragment>
  <Header />
  <WithStyles(ForwardRef(Container))>
    <Styled(MuiBox)
      mt={4}
    >
      <p>
        Hello
      </p>
    </Styled(MuiBox)>
  </WithStyles(ForwardRef(Container))>
</Fragment>
`;
